../Core/Src/main.c:81:5:main	8	static
../Core/Src/main.c:138:6:SystemClock_Config	88	static
../Core/Src/main.c:179:13:MX_ADC1_Init	24	static
../Core/Src/main.c:237:13:MX_I2C1_Init	8	static
../Core/Src/main.c:285:13:MX_TIM2_Init	40	static
../Core/Src/main.c:330:13:MX_USART2_UART_Init	8	static
../Core/Src/main.c:378:13:MX_GPIO_Init	56	static
../Core/Src/main.c:433:7:hardwareTestLED	8	static
../Core/Src/main.c:453:7:hardwareTestPot	32	static
../Core/Src/main.c:470:7:hardwareTestButton	32	static
../Core/Src/main.c:482:7:hardwareTestLCD	8	static
../Core/Src/main.c:496:7:i2cScanner	88	static
../Core/Src/main.c:531:6:Error_Handler	8	static,ignoring_inline_asm
