../Core/Src/main.c:92:5:main	40	static
../Core/Src/main.c:199:6:SystemClock_Config	88	static
../Core/Src/main.c:240:13:MX_ADC1_Init	24	static
../Core/Src/main.c:298:13:MX_I2C1_Init	8	static
../Core/Src/main.c:346:13:MX_TIM2_Init	40	static
../Core/Src/main.c:391:13:MX_TIM3_Init	64	static
../Core/Src/main.c:450:13:MX_TIM6_Init	24	static
../Core/Src/main.c:488:13:MX_TIM7_Init	24	static
../Core/Src/main.c:526:13:MX_USART2_UART_Init	8	static
../Core/Src/main.c:574:13:MX_GPIO_Init	56	static
../Core/Src/main.c:629:7:hardwareTestLED	8	static
../Core/Src/main.c:649:7:hardwareTestPot	32	static
../Core/Src/main.c:666:6:getAdcFromPot	16	static
../Core/Src/main.c:675:7:hardwareTestButton	32	static
../Core/Src/main.c:687:7:hardwareTestLCD	8	static
../Core/Src/main.c:696:7:motorControl	16	static
../Core/Src/main.c:704:7:i2cScanner	88	static
../Core/Src/main.c:734:7:myMap	24	static
../Core/Src/main.c:740:8:HAL_TIM_PeriodElapsedCallback	16	static
../Core/Src/main.c:754:8:uartReceive	8	static
../Core/Src/main.c:760:8:HAL_UART_RxCpltCallback	48	static
../Core/Src/main.c:775:6:Error_Handler	8	static,ignoring_inline_asm
