../Core/Src/main.c:92:5:main	40	static
../Core/Src/main.c:196:6:SystemClock_Config	88	static
../Core/Src/main.c:237:13:MX_ADC1_Init	24	static
../Core/Src/main.c:295:13:MX_I2C1_Init	8	static
../Core/Src/main.c:343:13:MX_TIM2_Init	40	static
../Core/Src/main.c:388:13:MX_TIM3_Init	64	static
../Core/Src/main.c:447:13:MX_TIM6_Init	24	static
../Core/Src/main.c:485:13:MX_TIM7_Init	24	static
../Core/Src/main.c:523:13:MX_USART2_UART_Init	8	static
../Core/Src/main.c:571:13:MX_GPIO_Init	56	static
../Core/Src/main.c:626:7:hardwareTestLED	8	static
../Core/Src/main.c:646:7:hardwareTestPot	32	static
../Core/Src/main.c:663:6:getAdcFromPot	16	static
../Core/Src/main.c:672:7:hardwareTestButton	32	static
../Core/Src/main.c:684:7:hardwareTestLCD	8	static
../Core/Src/main.c:693:7:motorControl	16	static
../Core/Src/main.c:701:7:i2cScanner	88	static
../Core/Src/main.c:731:7:myMap	24	static
../Core/Src/main.c:735:8:HAL_TIM_PeriodElapsedCallback	16	static
../Core/Src/main.c:751:6:Error_Handler	8	static,ignoring_inline_asm
