../Core/Src/main.c:82:5:main	8	static
../Core/Src/main.c:146:6:SystemClock_Config	88	static
../Core/Src/main.c:187:13:MX_ADC1_Init	24	static
../Core/Src/main.c:245:13:MX_I2C1_Init	8	static
../Core/Src/main.c:293:13:MX_TIM2_Init	40	static
../Core/Src/main.c:338:13:MX_USART2_UART_Init	8	static
../Core/Src/main.c:386:13:MX_GPIO_Init	56	static
../Core/Src/main.c:441:7:hardwareTestLED	8	static
../Core/Src/main.c:461:7:hardwareTestPot	32	static
../Core/Src/main.c:478:7:hardwareTestButton	32	static
../Core/Src/main.c:496:7:i2cScanner	88	static
../Core/Src/main.c:531:6:Error_Handler	8	static,ignoring_inline_asm
