../Core/Src/main.c:80:5:main	8	static
../Core/Src/main.c:132:6:SystemClock_Config	88	static
../Core/Src/main.c:173:13:MX_ADC1_Init	24	static
../Core/Src/main.c:231:13:MX_I2C1_Init	8	static
../Core/Src/main.c:279:13:MX_TIM2_Init	40	static
../Core/Src/main.c:324:13:MX_USART2_UART_Init	8	static
../Core/Src/main.c:372:13:MX_GPIO_Init	56	static
../Core/Src/main.c:427:7:hardwareTestLED	8	static
../Core/Src/main.c:447:7:hardwareTestPot	32	static
../Core/Src/main.c:464:7:hardwareTestButton	32	static
../Core/Src/main.c:482:7:i2cScanner	88	static
../Core/Src/main.c:517:6:Error_Handler	8	static,ignoring_inline_asm
