../Core/Src/main.c:129:5:main	40	static
../Core/Src/main.c:239:6:SystemClock_Config	88	static
../Core/Src/main.c:280:13:MX_ADC1_Init	24	static
../Core/Src/main.c:338:13:MX_I2C1_Init	8	static
../Core/Src/main.c:386:13:MX_TIM2_Init	40	static
../Core/Src/main.c:431:13:MX_TIM3_Init	64	static
../Core/Src/main.c:490:13:MX_TIM6_Init	24	static
../Core/Src/main.c:528:13:MX_TIM7_Init	24	static
../Core/Src/main.c:566:13:MX_USART2_UART_Init	8	static
../Core/Src/main.c:614:13:MX_GPIO_Init	56	static
../Core/Src/main.c:672:7:hardwareTestLED	8	static
../Core/Src/main.c:692:7:hardwareTestPot	32	static
../Core/Src/main.c:709:6:getAdcFromPot	16	static
../Core/Src/main.c:718:7:hardwareTestButton	32	static
../Core/Src/main.c:730:7:hardwareTestLCD	8	static
../Core/Src/main.c:739:7:motorControl	16	static
../Core/Src/main.c:747:7:i2cScanner	88	static
../Core/Src/main.c:777:7:myMap	24	static
../Core/Src/main.c:783:8:uartReceive	8	static
../Core/Src/main.c:789:8:HAL_UART_RxCpltCallback	48	static
../Core/Src/main.c:802:8:stateMachineController	24	static
../Core/Src/main.c:828:7:stateHandlerA	8	static
../Core/Src/main.c:883:7:stateHandlerB	8	static
../Core/Src/main.c:911:8:stateHandlerC	8	static
../Core/Src/main.c:941:8:controlButton1	8	static
../Core/Src/main.c:949:8:controlButton2	8	static
../Core/Src/main.c:957:8:controlLCD	8	static
../Core/Src/main.c:965:8:controlUART	8	static
../Core/Src/main.c:973:8:controlPOT	8	static
../Core/Src/main.c:982:8:HAL_TIM_PeriodElapsedCallback	16	static
../Core/Src/main.c:997:8:controlLED4	8	static
../Core/Src/main.c:1005:8:controlServo	8	static
../Core/Src/main.c:1015:6:Error_Handler	8	static,ignoring_inline_asm
