../Core/Src/main.c:114:5:main	24	static
../Core/Src/main.c:228:6:SystemClock_Config	88	static
../Core/Src/main.c:269:13:MX_ADC1_Init	24	static
../Core/Src/main.c:327:13:MX_I2C1_Init	8	static
../Core/Src/main.c:375:13:MX_TIM2_Init	40	static
../Core/Src/main.c:420:13:MX_TIM3_Init	64	static
../Core/Src/main.c:479:13:MX_TIM6_Init	24	static
../Core/Src/main.c:517:13:MX_TIM7_Init	24	static
../Core/Src/main.c:555:13:MX_TIM14_Init	8	static
../Core/Src/main.c:586:13:MX_USART2_UART_Init	8	static
../Core/Src/main.c:634:13:MX_GPIO_Init	56	static
../Core/Src/main.c:695:7:hardwareTestLED	8	static
../Core/Src/main.c:715:7:getPotValue	8	static
../Core/Src/main.c:727:6:getAdcFromPot	16	static
../Core/Src/main.c:736:7:hardwareTestButton	32	static
../Core/Src/main.c:748:7:hardwareTestLCD	8	static
../Core/Src/main.c:757:7:motorControl	16	static
../Core/Src/main.c:762:7:myMap	24	static
../Core/Src/main.c:769:8:stateMachineController	16	static
../Core/Src/main.c:815:8:stateMachineDecider	8	static
../Core/Src/main.c:855:8:stateHandlerA	24	static
../Core/Src/main.c:876:8:stateHandlerB	24	static
../Core/Src/main.c:929:8:stateHandlerC	8	static
../Core/Src/main.c:949:8:HAL_TIM_PeriodElapsedCallback	16	static
../Core/Src/main.c:982:8:HAL_UART_RxCpltCallback	16	static
../Core/Src/main.c:1017:6:Error_Handler	8	static,ignoring_inline_asm
