../Core/Src/main.c:110:5:main	24	static
../Core/Src/main.c:214:6:SystemClock_Config	88	static
../Core/Src/main.c:255:13:MX_ADC1_Init	24	static
../Core/Src/main.c:313:13:MX_I2C1_Init	8	static
../Core/Src/main.c:361:13:MX_TIM2_Init	40	static
../Core/Src/main.c:406:13:MX_TIM3_Init	64	static
../Core/Src/main.c:465:13:MX_TIM6_Init	24	static
../Core/Src/main.c:503:13:MX_TIM7_Init	24	static
../Core/Src/main.c:541:13:MX_TIM14_Init	8	static
../Core/Src/main.c:572:13:MX_USART2_UART_Init	8	static
../Core/Src/main.c:620:13:MX_GPIO_Init	56	static
../Core/Src/main.c:681:7:hardwareTestLED	8	static
../Core/Src/main.c:701:7:getPotValue	8	static
../Core/Src/main.c:713:6:getAdcFromPot	16	static
../Core/Src/main.c:722:7:hardwareTestButton	32	static
../Core/Src/main.c:734:7:hardwareTestLCD	8	static
../Core/Src/main.c:743:7:motorControl	16	static
../Core/Src/main.c:749:7:myMap	24	static
../Core/Src/main.c:755:8:uartReceive	8	static
../Core/Src/main.c:761:8:HAL_UART_RxCpltCallback	48	static
../Core/Src/main.c:773:8:stateMachineController	16	static
../Core/Src/main.c:811:8:stateMachineDecider	8	static
../Core/Src/main.c:851:8:stateHandlerA	24	static
../Core/Src/main.c:872:8:stateHandlerB	24	static
../Core/Src/main.c:896:8:stateHandlerC	8	static
../Core/Src/main.c:907:8:HAL_TIM_PeriodElapsedCallback	16	static
../Core/Src/main.c:938:6:Error_Handler	8	static,ignoring_inline_asm
