../Core/Src/main.c:100:5:main	40	static
../Core/Src/main.c:210:6:SystemClock_Config	88	static
../Core/Src/main.c:251:13:MX_ADC1_Init	24	static
../Core/Src/main.c:309:13:MX_I2C1_Init	8	static
../Core/Src/main.c:357:13:MX_TIM2_Init	40	static
../Core/Src/main.c:402:13:MX_TIM3_Init	64	static
../Core/Src/main.c:461:13:MX_TIM6_Init	24	static
../Core/Src/main.c:499:13:MX_TIM7_Init	24	static
../Core/Src/main.c:537:13:MX_USART2_UART_Init	8	static
../Core/Src/main.c:585:13:MX_GPIO_Init	56	static
../Core/Src/main.c:643:7:hardwareTestLED	8	static
../Core/Src/main.c:663:7:hardwareTestPot	32	static
../Core/Src/main.c:680:6:getAdcFromPot	16	static
../Core/Src/main.c:689:7:hardwareTestButton	32	static
../Core/Src/main.c:701:7:hardwareTestLCD	8	static
../Core/Src/main.c:710:7:motorControl	16	static
../Core/Src/main.c:718:7:i2cScanner	88	static
../Core/Src/main.c:748:7:myMap	24	static
../Core/Src/main.c:754:8:HAL_TIM_PeriodElapsedCallback	16	static
../Core/Src/main.c:768:8:uartReceive	8	static
../Core/Src/main.c:774:8:HAL_UART_RxCpltCallback	48	static
../Core/Src/main.c:787:8:stateMachineController	24	static
../Core/Src/main.c:813:7:stateHandlerA	8	static
../Core/Src/main.c:868:7:stateHandlerB	8	static
../Core/Src/main.c:896:8:stateHandlerC	8	static
../Core/Src/main.c:924:6:Error_Handler	8	static,ignoring_inline_asm
