../Core/Src/main.c:88:5:main	32	static
../Core/Src/main.c:173:6:SystemClock_Config	88	static
../Core/Src/main.c:214:13:MX_ADC1_Init	24	static
../Core/Src/main.c:272:13:MX_I2C1_Init	8	static
../Core/Src/main.c:320:13:MX_TIM2_Init	40	static
../Core/Src/main.c:365:13:MX_TIM3_Init	64	static
../Core/Src/main.c:424:13:MX_USART2_UART_Init	8	static
../Core/Src/main.c:472:13:MX_GPIO_Init	56	static
../Core/Src/main.c:527:7:hardwareTestLED	8	static
../Core/Src/main.c:547:7:hardwareTestPot	32	static
../Core/Src/main.c:564:6:getAdcFromPot	16	static
../Core/Src/main.c:573:7:hardwareTestButton	32	static
../Core/Src/main.c:585:7:hardwareTestLCD	8	static
../Core/Src/main.c:594:7:motorControl	16	static
../Core/Src/main.c:602:7:i2cScanner	88	static
../Core/Src/main.c:632:7:myMap	24	static
../Core/Src/main.c:636:8:HAL_TIM_PeriodElapsedCallback	16	static
../Core/Src/main.c:648:6:Error_Handler	8	static,ignoring_inline_asm
