../Core/Src/main.c:132:5:main	24	static
../Core/Src/main.c:239:6:SystemClock_Config	88	static
../Core/Src/main.c:280:13:MX_ADC1_Init	24	static
../Core/Src/main.c:338:13:MX_I2C1_Init	8	static
../Core/Src/main.c:386:13:MX_TIM2_Init	40	static
../Core/Src/main.c:431:13:MX_TIM3_Init	64	static
../Core/Src/main.c:490:13:MX_TIM6_Init	24	static
../Core/Src/main.c:528:13:MX_TIM7_Init	24	static
../Core/Src/main.c:566:13:MX_TIM14_Init	8	static
../Core/Src/main.c:597:13:MX_USART2_UART_Init	8	static
../Core/Src/main.c:645:13:MX_GPIO_Init	56	static
../Core/Src/main.c:706:7:hardwareTestLED	8	static
../Core/Src/main.c:726:7:getPotValue	8	static
../Core/Src/main.c:738:6:getAdcFromPot	16	static
../Core/Src/main.c:747:7:hardwareTestButton	32	static
../Core/Src/main.c:759:7:hardwareTestLCD	8	static
../Core/Src/main.c:768:7:motorControl	16	static
../Core/Src/main.c:774:7:myMap	24	static
../Core/Src/main.c:780:8:uartReceive	8	static
../Core/Src/main.c:786:8:HAL_UART_RxCpltCallback	48	static
../Core/Src/main.c:799:8:stateMachineController	16	static
../Core/Src/main.c:835:8:stateMachineDecider	8	static
../Core/Src/main.c:878:8:stateHandlerA	24	static
../Core/Src/main.c:902:8:stateHandlerB	24	static
../Core/Src/main.c:929:8:stateHandlerC	8	static
../Core/Src/main.c:942:8:HAL_TIM_PeriodElapsedCallback	16	static
../Core/Src/main.c:973:6:Error_Handler	8	static,ignoring_inline_asm
