../Core/Src/main.c:119:5:main	32	static
../Core/Src/main.c:242:6:SystemClock_Config	88	static
../Core/Src/main.c:283:13:MX_ADC1_Init	24	static
../Core/Src/main.c:341:13:MX_I2C1_Init	8	static
../Core/Src/main.c:389:13:MX_TIM2_Init	40	static
../Core/Src/main.c:434:13:MX_TIM3_Init	64	static
../Core/Src/main.c:493:13:MX_TIM6_Init	24	static
../Core/Src/main.c:531:13:MX_TIM7_Init	24	static
../Core/Src/main.c:569:13:MX_TIM14_Init	8	static
../Core/Src/main.c:600:13:MX_TIM17_Init	8	static
../Core/Src/main.c:632:13:MX_USART2_UART_Init	8	static
../Core/Src/main.c:680:13:MX_GPIO_Init	56	static
../Core/Src/main.c:741:7:hardwareTestLED	8	static
../Core/Src/main.c:761:7:getPotValue	8	static
../Core/Src/main.c:773:6:getAdcFromPot	16	static
../Core/Src/main.c:782:7:hardwareTestButton	32	static
../Core/Src/main.c:794:7:hardwareTestLCD	8	static
../Core/Src/main.c:803:7:motorControl	16	static
../Core/Src/main.c:808:7:myMap	24	static
../Core/Src/main.c:815:8:stateMachineController	16	static
../Core/Src/main.c:861:8:stateMachineDecider	8	static
../Core/Src/main.c:901:8:stateHandlerA	24	static
../Core/Src/main.c:922:8:stateHandlerB	24	static
../Core/Src/main.c:979:8:stateHandlerC	8	static
../Core/Src/main.c:1015:8:HAL_TIM_PeriodElapsedCallback	16	static
../Core/Src/main.c:1052:8:HAL_UART_RxCpltCallback	16	static
../Core/Src/main.c:1087:6:Error_Handler	8	static,ignoring_inline_asm
